EN ram1_adapter NULL C:/Users/sword/Desktop/myCPU_newStart/myCPU/Ram1_adapter.vhd sub00/vhpl30 1480639603
AR key_data behavioral C:/Users/sword/Desktop/myCPU_newStart/myCPU/key_data.vhd sub00/vhpl39 1480639574
AR char_mem arch C:/Users/sword/Desktop/myCPU_newStart/myCPU/Char_mem.vhd sub00/vhpl49 1480639570
AR mem_wb behavioral C:/Users/sword/Desktop/myCPU_newStart/myCPU/MEM_WB.vhd sub00/vhpl35 1480639608
EN flash_test NULL C:/Users/sword/Desktop/myCPU_newStart/myCPU/flash_test.vhd sub00/vhpl04 1480240296
EN load_related NULL C:/Users/sword/Desktop/myCPU_newStart/myCPU/load_ralated.vhd sub00/vhpl08 1480639581
EN regfile NULL C:/Users/sword/Desktop/myCPU_newStart/myCPU/Regfile.vhd sub00/vhpl20 1480639593
AR vga_top behavioral C:/Users/sword/Desktop/myCPU_newStart/myCPU/vga_top.vhd sub00/vhpl53 1480639616
AR branch_ctrl behavioral C:/Users/sword/Desktop/myCPU_newStart/myCPU/branch_ctrl.vhd sub00/vhpl19 1480639592
PH type_lib NULL C:/Users/sword/Desktop/myCPU_newStart/myCPU/type_lib.vhd sub00/vhpl00 1480639577
AR my_keyboard behavioral C:/Users/sword/Desktop/myCPU_newStart/myCPU/my_keyboard.vhd sub00/vhpl43 1480639612
EN interpreter NULL C:/Users/sword/Desktop/myCPU_newStart/myCPU/interpreter.vhd sub00/vhpl14 1480639587
AR mymips behavioral C:/Users/sword/Desktop/myCPU_newStart/myCPU/mymips.vhd sub00/vhpl37 1480639618
EN branch_ctrl NULL C:/Users/sword/Desktop/myCPU_newStart/myCPU/branch_ctrl.vhd sub00/vhpl18 1480639591
EN mem NULL C:/Users/sword/Desktop/myCPU_newStart/myCPU/mem.vhd sub00/vhpl28 1480639601
EN key_data NULL C:/Users/sword/Desktop/myCPU_newStart/myCPU/key_data.vhd sub00/vhpl38 1480639573
EN id_ex NULL C:/Users/sword/Desktop/myCPU_newStart/myCPU/ID_EX.vhd sub00/vhpl22 1480639595
EN flash_io NULL C:/Users/sword/Desktop/myCPU_newStart/myCPU/flash_io.vhd sub00/vhpl02 1480639609
EN acsii NULL C:/Users/sword/Desktop/myCPU_newStart/myCPU/acsii.vhd sub00/vhpl54 1480639613
EN mymips NULL C:/Users/sword/Desktop/myCPU_newStart/myCPU/mymips.vhd sub00/vhpl36 1480639617
EN convert NULL C:/Users/sword/Desktop/myCPU_newStart/myCPU/convert.vhd sub00/vhpl40 1480639575
EN vga NULL C:/Users/sword/Desktop/myCPU_newStart/myCPU/vga.vhd sub00/vhpl46 1480639567
EN mem_wb NULL C:/Users/sword/Desktop/myCPU_newStart/myCPU/MEM_WB.vhd sub00/vhpl34 1480639607
AR if_id behavioral C:/Users/sword/Desktop/myCPU_newStart/myCPU/if_id.vhd sub00/vhpl13 1480639586
AR acsii behavioral C:/Users/sword/Desktop/myCPU_newStart/myCPU/acsii.vhd sub00/vhpl55 1480639614
AR flash_test behavioral C:/Users/sword/Desktop/myCPU_newStart/myCPU/flash_test.vhd sub00/vhpl05 1480240297
EN pc_reg NULL C:/Users/sword/Desktop/myCPU_newStart/myCPU/pc_reg.vhd sub00/vhpl10 1480639583
AR mymips_with_keyboard behavioral C:/Users/sword/Desktop/myCPU_newStart/myCPU/mymips_with_keyboard.vhd sub00/vhpl45 1480499326
AR convert behavioral C:/Users/sword/Desktop/myCPU_newStart/myCPU/convert.vhd sub00/vhpl41 1480639576
AR vga behavioral C:/Users/sword/Desktop/myCPU_newStart/myCPU/vga.vhd sub00/vhpl47 1480639568
AR mem behavioral C:/Users/sword/Desktop/myCPU_newStart/myCPU/mem.vhd sub00/vhpl29 1480639602
EN if_id NULL C:/Users/sword/Desktop/myCPU_newStart/myCPU/if_id.vhd sub00/vhpl12 1480639585
EN mymips_with_keyboard NULL C:/Users/sword/Desktop/myCPU_newStart/myCPU/mymips_with_keyboard.vhd sub00/vhpl44 1480499325
EN ctrl NULL C:/Users/sword/Desktop/myCPU_newStart/myCPU/ctrl.vhd sub00/vhpl06 1480639579
AR font_rom arch C:/Users/sword/Desktop/myCPU_newStart/myCPU/front_rom.vhd sub00/vhpl51 1480639572
AR ram2_adapter behavioral C:/Users/sword/Desktop/myCPU_newStart/myCPU/ram2_adapter.vhd sub00/vhpl33 1480639606
EN font_rom NULL C:/Users/sword/Desktop/myCPU_newStart/myCPU/front_rom.vhd sub00/vhpl50 1480639571
AR pc_reg behavioral C:/Users/sword/Desktop/myCPU_newStart/myCPU/pc_reg.vhd sub00/vhpl11 1480639584
EN char_mem NULL C:/Users/sword/Desktop/myCPU_newStart/myCPU/Char_mem.vhd sub00/vhpl48 1480639569
AR alu behavioral C:/Users/sword/Desktop/myCPU_newStart/myCPU/ALU.vhd sub00/vhpl25 1480639598
EN ex_mem NULL C:/Users/sword/Desktop/myCPU_newStart/myCPU/EX_MEM.vhd sub00/vhpl26 1480639599
AR ctrl behavioral C:/Users/sword/Desktop/myCPU_newStart/myCPU/ctrl.vhd sub00/vhpl07 1480639580
AR flash_io behavioral C:/Users/sword/Desktop/myCPU_newStart/myCPU/flash_io.vhd sub00/vhpl03 1480639610
AR interpreter behavioral C:/Users/sword/Desktop/myCPU_newStart/myCPU/interpreter.vhd sub00/vhpl15 1480639588
EN controller NULL C:/Users/sword/Desktop/myCPU_newStart/myCPU/controller.vhd sub00/vhpl16 1480639589
PB type_lib type_lib C:/Users/sword/Desktop/myCPU_newStart/myCPU/type_lib.vhd sub00/vhpl01 1480639578
AR id_ex behavioral C:/Users/sword/Desktop/myCPU_newStart/myCPU/ID_EX.vhd sub00/vhpl23 1480639596
EN my_keyboard NULL C:/Users/sword/Desktop/myCPU_newStart/myCPU/my_keyboard.vhd sub00/vhpl42 1480639611
AR controller behavioral C:/Users/sword/Desktop/myCPU_newStart/myCPU/controller.vhd sub00/vhpl17 1480639590
AR ex_mem behavioral C:/Users/sword/Desktop/myCPU_newStart/myCPU/EX_MEM.vhd sub00/vhpl27 1480639600
AR load_related behavioral C:/Users/sword/Desktop/myCPU_newStart/myCPU/load_ralated.vhd sub00/vhpl09 1480639582
AR regfile behavioral C:/Users/sword/Desktop/myCPU_newStart/myCPU/Regfile.vhd sub00/vhpl21 1480639594
EN alu NULL C:/Users/sword/Desktop/myCPU_newStart/myCPU/ALU.vhd sub00/vhpl24 1480639597
AR ram1_adapter behavioral C:/Users/sword/Desktop/myCPU_newStart/myCPU/Ram1_adapter.vhd sub00/vhpl31 1480639604
EN ram2_adapter NULL C:/Users/sword/Desktop/myCPU_newStart/myCPU/ram2_adapter.vhd sub00/vhpl32 1480639605
EN vga_top NULL C:/Users/sword/Desktop/myCPU_newStart/myCPU/vga_top.vhd sub00/vhpl52 1480639615
